// Jest Snapshot v1, https://goo.gl/fbAQLP

exports[`matches snapshot 1`] = `
<DocumentFragment>
  <form>
    <label
      for="todo"
    >
      New Todo:
    </label>
      
    <input
      id="todo"
      name="todo"
      placeholder="Buy groceries ..."
      type="text"
      value=""
    />
    <br />
    <br />
    <button
      id="addTodoBtn"
    >
      Add Task
    </button>
  </form>
</DocumentFragment>
`;
